// Jest Snapshot v1, https://goo.gl/fbAQLP

exports[`Button Tests Should match snapshot 1`] = `
<button
  className="btn green bordered"
  data-testid="customButton"
>
  Add Counter
</button>
`;
